../Drivers/CMSIS/Include/core_cm4.h:1684:22:__NVIC_EnableIRQ	16	static,ignoring_inline_asm
../Drivers/CMSIS/Include/core_cm4.h:1775:22:__NVIC_ClearPendingIRQ	16	static
../Drivers/CMSIS/Include/core_cm4.h:1814:22:__NVIC_SetPriority	16	static
../Core/Src/main.c:61:6:TIM6_DAC_IRQHandler	8	static
../Core/Src/main.c:69:6:TIM6_basic_setup	8	static
../Core/Src/main.c:88:6:TIM3_PWM_setup	4	static
../Core/Src/main.c:124:5:main	16	static
../Core/Src/main.c:186:6:SystemClock_Config	88	static
../Core/Src/main.c:234:13:MX_USART2_UART_Init	8	static
../Core/Src/main.c:267:13:MX_GPIO_Init	48	static
../Core/Src/main.c:307:6:Error_Handler	4	static,ignoring_inline_asm
