../Drivers/CMSIS/Include/core_cm4.h:1684:22:__NVIC_EnableIRQ	16	static,ignoring_inline_asm
../Drivers/CMSIS/Include/core_cm4.h:1775:22:__NVIC_ClearPendingIRQ	16	static
../Drivers/CMSIS/Include/core_cm4.h:1814:22:__NVIC_SetPriority	16	static
../Core/Src/main.c:61:6:TIM6_DAC_IRQHandler	8	static
../Core/Src/main.c:72:6:EXTI1_IRQHandler	8	static
../Core/Src/main.c:88:6:TIM6_basic_setup	8	static
../Core/Src/main.c:101:6:delay_micro_s	16	static
../Core/Src/main.c:110:6:hc_sr04_init	8	static
../Core/Src/main.c:136:6:set_triger	4	static
../Core/Src/main.c:140:6:clear_triger	4	static
../Core/Src/main.c:144:7:meas_dist	8	static
../Core/Src/main.c:163:5:main	8	static
../Core/Src/main.c:211:6:SystemClock_Config	88	static
../Core/Src/main.c:266:13:MX_USART2_UART_Init	8	static
../Core/Src/main.c:299:13:MX_GPIO_Init	48	static
../Core/Src/main.c:339:6:Error_Handler	4	static,ignoring_inline_asm
