../Drivers/CMSIS/Include/core_cm4.h:1684:22:__NVIC_EnableIRQ	16	static,ignoring_inline_asm
../Drivers/CMSIS/Include/core_cm4.h:1814:22:__NVIC_SetPriority	16	static
../Core/Src/main.c:65:6:ADC_IRQHandler	4	static
../Core/Src/main.c:86:5:main	8	static
../Core/Src/main.c:168:6:SystemClock_Config	88	static
../Core/Src/main.c:216:13:MX_USART2_UART_Init	8	static
../Core/Src/main.c:249:13:MX_GPIO_Init	48	static
../Core/Src/main.c:282:6:interpret_adc_value	8	static
../Core/Src/main.c:292:6:Error_Handler	4	static,ignoring_inline_asm
