../Drivers/CMSIS/Include/core_cm4.h:1684:22:__NVIC_EnableIRQ	16	static,ignoring_inline_asm
../Drivers/CMSIS/Include/core_cm4.h:1775:22:__NVIC_ClearPendingIRQ	16	static
../Drivers/CMSIS/Include/core_cm4.h:1814:22:__NVIC_SetPriority	16	static
../Core/Src/main.c:63:6:EXTI2_IRQHandler	8	static
../Core/Src/main.c:69:6:EXTI15_10_IRQHandler	8	static
../Core/Src/main.c:82:5:main	8	static,ignoring_inline_asm
../Core/Src/main.c:194:6:SystemClock_Config	88	static
../Core/Src/main.c:242:13:MX_USART2_UART_Init	8	static
../Core/Src/main.c:275:13:MX_GPIO_Init	48	static
../Core/Src/main.c:308:6:processA	8	static
../Core/Src/main.c:314:6:processB	8	static
../Core/Src/main.c:326:6:Error_Handler	4	static,ignoring_inline_asm
