../Drivers/CMSIS/Include/core_cm4.h:1684:22:__NVIC_EnableIRQ	16	static,ignoring_inline_asm
../Drivers/CMSIS/Include/core_cm4.h:1775:22:__NVIC_ClearPendingIRQ	16	static
../Drivers/CMSIS/Include/core_cm4.h:1814:22:__NVIC_SetPriority	16	static
../Core/Src/main.c:64:6:EXTI3_IRQHandler	8	static
../Core/Src/main.c:75:5:main	8	static
../Core/Src/main.c:177:6:SystemClock_Config	88	static
../Core/Src/main.c:225:13:MX_USART2_UART_Init	8	static
../Core/Src/main.c:258:13:MX_GPIO_Init	48	static
../Core/Src/main.c:291:6:display_counter	16	static
../Core/Src/main.c:305:6:Error_Handler	4	static,ignoring_inline_asm
