../Drivers/CMSIS/Include/core_cm4.h:1684:22:__NVIC_EnableIRQ	16	static,ignoring_inline_asm
../Drivers/CMSIS/Include/core_cm4.h:1814:22:__NVIC_SetPriority	16	static
../Core/Src/main.c:64:6:ADC_IRQHandler	8	static
../Core/Src/main.c:73:6:ADC_init	8	static
../Core/Src/main.c:107:6:TIM3_PWM_setup	4	static
../Core/Src/main.c:143:5:main	8	static
../Core/Src/main.c:190:6:SystemClock_Config	88	static
../Core/Src/main.c:238:13:MX_USART2_UART_Init	8	static
../Core/Src/main.c:271:13:MX_GPIO_Init	48	static
../Core/Src/main.c:311:6:Error_Handler	4	static,ignoring_inline_asm
