../Drivers/CMSIS/Include/core_cm4.h:1684:22:__NVIC_EnableIRQ	2
../Drivers/CMSIS/Include/core_cm4.h:1814:22:__NVIC_SetPriority	2
../Core/Src/main.c:64:6:TIM6_DAC_IRQHandler	2
../Core/Src/main.c:71:6:TIM6_basic_setup	1
../Core/Src/main.c:86:6:ADC_IRQHandler	2
../Core/Src/main.c:94:6:ADC_Init	1
../Core/Src/main.c:125:6:TIM3_PWM_setup	1
../Core/Src/main.c:157:6:read_sensor_data	2
../Core/Src/main.c:172:5:main	2
../Core/Src/main.c:254:6:SystemClock_Config	3
../Core/Src/main.c:302:13:MX_USART2_UART_Init	2
../Core/Src/main.c:335:13:MX_GPIO_Init	1
../Core/Src/main.c:375:6:Error_Handler	1
