../Drivers/CMSIS/Include/core_cm4.h:1684:22:__NVIC_EnableIRQ	16	static,ignoring_inline_asm
../Drivers/CMSIS/Include/core_cm4.h:1814:22:__NVIC_SetPriority	16	static
../Core/Src/main.c:65:6:ADC_IRQHandler	8	static
../Core/Src/main.c:73:6:ADC_Init	8	static
../Core/Src/main.c:103:6:TIM3_PWM_setup	4	static
../Core/Src/main.c:141:5:main	24	static
../Core/Src/main.c:191:6:SystemClock_Config	88	static
../Core/Src/main.c:239:13:MX_USART2_UART_Init	8	static
../Core/Src/main.c:272:13:MX_GPIO_Init	48	static
../Core/Src/main.c:312:6:Error_Handler	4	static,ignoring_inline_asm
