../Drivers/CMSIS/Include/core_cm4.h:1684:22:__NVIC_EnableIRQ	16	static,ignoring_inline_asm
../Drivers/CMSIS/Include/core_cm4.h:1775:22:__NVIC_ClearPendingIRQ	16	static
../Drivers/CMSIS/Include/core_cm4.h:1814:22:__NVIC_SetPriority	16	static
../Core/Src/main.c:62:6:ADC_IRQHandler	8	static
../Core/Src/main.c:73:6:USART2_IRQHandler	8	static
../Core/Src/main.c:84:6:send_str_it	16	static
../Core/Src/main.c:95:5:main	8	static
../Core/Src/main.c:219:6:SystemClock_Config	88	static
../Core/Src/main.c:267:13:MX_GPIO_Init	48	static
../Core/Src/main.c:315:6:Error_Handler	4	static,ignoring_inline_asm
