../Drivers/CMSIS/Include/core_cm4.h:1684:22:__NVIC_EnableIRQ	16	static,ignoring_inline_asm
../Drivers/CMSIS/Include/core_cm4.h:1775:22:__NVIC_ClearPendingIRQ	16	static
../Drivers/CMSIS/Include/core_cm4.h:1814:22:__NVIC_SetPriority	16	static
../Core/Src/main.c:60:6:send_str	24	static
../Core/Src/main.c:67:6:DMA1_Stream5_IRQHandler	8	static
../Core/Src/main.c:82:5:main	8	static
../Core/Src/main.c:192:6:SystemClock_Config	88	static
../Core/Src/main.c:240:13:MX_GPIO_Init	48	static
../Core/Src/main.c:280:6:Error_Handler	4	static,ignoring_inline_asm
