../Core/Src/main.c:59:6:SPIConfig	4	static
../Core/Src/main.c:86:6:SPI_Transmit	24	static
../Core/Src/main.c:119:6:SPI_Receive	16	static
../Core/Src/main.c:139:6:GPIOConfig	4	static
../Core/Src/main.c:155:6:SPI_Enable	4	static
../Core/Src/main.c:160:6:SPI_Disable	4	static
../Core/Src/main.c:178:5:main	16	static
../Core/Src/main.c:232:6:SystemClock_Config	88	static
../Core/Src/main.c:280:13:MX_USART2_UART_Init	8	static
../Core/Src/main.c:313:13:MX_GPIO_Init	48	static
../Core/Src/main.c:343:6:Error_Handler	4	static,ignoring_inline_asm
